#-----------------------------------------------------------
# Vivado v2025.1 (64-bit)
# SW Build 6140274 on Thu May 22 00:12:29 MDT 2025
# IP Build 6138677 on Thu May 22 03:10:11 MDT 2025
# SharedData Build 6139179 on Tue May 20 17:58:58 MDT 2025
# Start of session at: Sun Nov 23 23:01:23 2025
# Process ID         : 11172
# Current directory  : C:/Users/Stan/Desktop/Labs/ECE351/ece_351_final/ECE351 Final Proj.runs/impl_1
# Command line       : vivado.exe -log animations.vdi -applog -product Vivado -messageDb vivado.pb -mode batch -source animations.tcl -notrace
# Log file           : C:/Users/Stan/Desktop/Labs/ECE351/ece_351_final/ECE351 Final Proj.runs/impl_1/animations.vdi
# Journal file       : C:/Users/Stan/Desktop/Labs/ECE351/ece_351_final/ECE351 Final Proj.runs/impl_1\vivado.jou
# Running On         : DESKTOP-7D2UER5
# Platform           : Windows Server 2016 or Windows 10
# Operating System   : 19045
# Processor Detail   : Intel(R) Core(TM) i3-3120M CPU @ 2.50GHz
# CPU Frequency      : 2494 MHz
# CPU Physical cores : 2
# CPU Logical cores  : 4
# Host memory        : 8164 MB
# Swap memory        : 5179 MB
# Total Virtual      : 13344 MB
# Available Virtual  : 6675 MB
#-----------------------------------------------------------
source animations.tcl -notrace
