#-----------------------------------------------------------
# Vivado v2025.1 (64-bit)
# SW Build 6140274 on Wed May 21 22:58:25 MDT 2025
# IP Build 6138677 on Thu May 22 03:10:11 MDT 2025
# SharedData Build 6139179 on Tue May 20 17:58:58 MDT 2025
# Start of session at: Fri Nov 14 09:10:43 2025
# Process ID         : 411667
# Current directory  : /var/home/david/vivado/ece_351_final/ECE351 Final Proj.runs/synth_1
# Command line       : vivado -log top.vds -product Vivado -mode batch -messageDb vivado.pb -notrace -source top.tcl
# Log file           : /var/home/david/vivado/ece_351_final/ECE351 Final Proj.runs/synth_1/top.vds
# Journal file       : /var/home/david/vivado/ece_351_final/ECE351 Final Proj.runs/synth_1/vivado.jou
# Running On         : poppy-36gm0.device.utk.edu
# Platform           : Bazzite
# Operating System   : Bazzite
# Processor Detail   : AMD Ryzen 5 4500U with Radeon Graphics
# CPU Frequency      : 1773.530 MHz
# CPU Physical cores : 6
# CPU Logical cores  : 6
# Host memory        : 16088 MB
# Swap memory        : 4294 MB
# Total Virtual      : 20383 MB
# Available Virtual  : 4482 MB
#-----------------------------------------------------------
source top.tcl -notrace
